// Jest Snapshot v1, https://goo.gl/fbAQLP

exports[`CityList Component should render loading message when userWeather is undefined 1`] = `
<div>
  <main>
     
    <h6>
      Loading...
    </h6>
  </main>
</div>
`;

exports[`CityList Component should render the component with userWeather data 1`] = `
<div>
  <main>
    <div
      class="cflex home-reload cmb-18"
    >
      <span>
        Get Updated data
      </span>
      <svg
        class="animate-spin"
        fill="none"
        height="14"
        viewBox="0 0 24 24"
        width="14"
        xmlns="http://www.w3.org/2000/svg"
      >
        <path
          d="M22 12c0 5.52-4.48 10-10 10s-8.89-5.56-8.89-5.56m0 0h4.52m-4.52 0v5M2 12C2 6.48 6.44 2 12 2c6.67 0 10 5.56 10 5.56m0 0v-5m0 5h-4.44"
          stroke="currentColor"
          stroke-linecap="round"
          stroke-linejoin="round"
          stroke-width="1.5"
        />
      </svg>
    </div>
    <div
      class="main-card"
    />
    <div>
      <h2
        class="detail-head"
      >
        Favorites
      </h2>
    </div>
    <div
      class="tab"
    />
    <div>
      <h2
        class="detail-head"
      >
        Cities
      </h2>
    </div>
    <div
      class="tab"
    />
  </main>
</div>
`;

exports[`CityList Component should trigger reload when "Get Updated data" is clicked 1`] = `
<div>
  <main>
    <div
      class="cflex home-reload cmb-18"
    >
      <span>
        Get Updated data
      </span>
      <svg
        class="animate-spin"
        fill="none"
        height="14"
        viewBox="0 0 24 24"
        width="14"
        xmlns="http://www.w3.org/2000/svg"
      >
        <path
          d="M22 12c0 5.52-4.48 10-10 10s-8.89-5.56-8.89-5.56m0 0h4.52m-4.52 0v5M2 12C2 6.48 6.44 2 12 2c6.67 0 10 5.56 10 5.56m0 0v-5m0 5h-4.44"
          stroke="currentColor"
          stroke-linecap="round"
          stroke-linejoin="round"
          stroke-width="1.5"
        />
      </svg>
    </div>
    <div
      class="main-card"
    />
    <div>
      <h2
        class="detail-head"
      >
        Favorites
      </h2>
    </div>
    <div
      class="tab"
    />
    <div>
      <h2
        class="detail-head"
      >
        Cities
      </h2>
    </div>
    <div
      class="tab"
    />
  </main>
</div>
`;
